2026.05.27 15:34:20 INFO  Started: Metals version 1.6.7 in folders 'C:\Users\andra\OneDrive\Desktop\MASTER ITU\SEMESTER 4\Thesis\TreeMapBenchmarking' for client Visual Studio Code 1.121.0.
2026.05.27 15:34:20 INFO  Memory monitor started
2026.05.27 15:34:21 WARN  Using H2 2.4.240 which is newer than the version Flyway has been verified with. The latest verified version of H2 is 2.3.232.
2026.05.27 15:34:21 INFO  no build target found for C:\Users\andra\OneDrive\Desktop\MASTER ITU\SEMESTER 4\Thesis\TreeMapBenchmarking\src\main\java\dk\itu\thesis\impl\SnapTreeAdapter.java. Using fallback presentation compiler.
May 27, 2026 3:34:23 PM org.eclipse.lsp4j.jsonrpc.RemoteEndpoint handleCancellation
WARNING: Unmatched cancel notification for request id 2
May 27, 2026 3:34:23 PM org.eclipse.lsp4j.jsonrpc.RemoteEndpoint handleCancellation
WARNING: Unmatched cancel notification for request id 5
May 27, 2026 3:34:23 PM org.eclipse.lsp4j.jsonrpc.RemoteEndpoint handleCancellation
WARNING: Unmatched cancel notification for request id 1
2026.05.27 15:34:25 INFO  no build target found for C:\Users\andra\OneDrive\Desktop\MASTER ITU\SEMESTER 4\Thesis\TreeMapBenchmarking\src\main\java\dk\itu\thesis\impl\SnapTreeAdapter.java. Using fallback presentation compiler.
2026.05.27 15:34:26 WARN  no build target for: C:\Users\andra\OneDrive\Desktop\MASTER ITU\SEMESTER 4\Thesis\TreeMapBenchmarking\src\main\java\dk\itu\thesis\impl\SnapTreeAdapter.java
2026.05.27 15:34:25 INFO  no build target found for C:\Users\andra\OneDrive\Desktop\MASTER ITU\SEMESTER 4\Thesis\TreeMapBenchmarking\src\main\java\dk\itu\thesis\impl\SnapTreeAdapter.java. Using fallback presentation compiler.
May 27, 2026 3:34:26 PM org.eclipse.lsp4j.jsonrpc.RemoteEndpoint handleCancellation
WARNING: Unmatched cancel notification for request id 8
2026.05.27 15:34:25 INFO  no build target found for C:\Users\andra\OneDrive\Desktop\MASTER ITU\SEMESTER 4\Thesis\TreeMapBenchmarking\src\main\java\dk\itu\thesis\impl\SnapTreeAdapter.java. Using fallback presentation compiler.
2026.05.27 15:34:25 INFO  no build target found for C:\Users\andra\OneDrive\Desktop\MASTER ITU\SEMESTER 4\Thesis\TreeMapBenchmarking\src\main\java\dk\itu\thesis\impl\SnapTreeAdapter.java. Using fallback presentation compiler.
2026.05.27 15:34:30 INFO  no build target found for C:\Users\andra\OneDrive\Desktop\MASTER ITU\SEMESTER 4\Thesis\TreeMapBenchmarking\src\main\java\dk\itu\thesis\impl\SnapTreeAdapter.java. Using fallback presentation compiler.
May 27, 2026 3:34:32 PM org.eclipse.lsp4j.jsonrpc.services.GenericEndpoint notify
INFO: Unsupported notification method: $/setTrace
2026.05.27 15:34:32 INFO  no build target found for C:\Users\andra\OneDrive\Desktop\MASTER ITU\SEMESTER 4\Thesis\TreeMapBenchmarking\src\main\java\dk\itu\thesis\impl\SnapTreeAdapter.java. Using fallback presentation compiler.
May 27, 2026 3:34:35 PM org.eclipse.lsp4j.jsonrpc.services.GenericEndpoint notify
INFO: Unsupported notification method: $/setTrace
2026.05.27 15:34:35 INFO  no build target found for C:\Users\andra\OneDrive\Desktop\MASTER ITU\SEMESTER 4\Thesis\TreeMapBenchmarking\src\main\java\dk\itu\thesis\impl\SnapTreeAdapter.java. Using fallback presentation compiler.
2026.05.27 15:34:39 INFO  no build target found for C:\Users\andra\OneDrive\Desktop\MASTER ITU\SEMESTER 4\Thesis\TreeMapBenchmarking\src\main\java\dk\itu\thesis\impl\SnapTreeAdapter.java. Using fallback presentation compiler.
May 27, 2026 3:34:45 PM org.eclipse.lsp4j.jsonrpc.services.GenericEndpoint notify
INFO: Unsupported notification method: $/setTrace
2026.05.27 15:35:04 INFO  no build target found for C:\Users\andra\OneDrive\Desktop\MASTER ITU\SEMESTER 4\Thesis\TreeMapBenchmarking\src\main\java\dk\itu\thesis\impl\SnapTreeAdapter.java. Using fallback presentation compiler.
May 27, 2026 3:35:04 PM org.eclipse.lsp4j.jsonrpc.RemoteEndpoint handleCancellation
WARNING: Unmatched cancel notification for request id 25
2026.05.27 15:35:04 INFO  no build target found for C:\Users\andra\OneDrive\Desktop\MASTER ITU\SEMESTER 4\Thesis\TreeMapBenchmarking\src\main\java\dk\itu\thesis\impl\SnapTreeAdapter.java. Using fallback presentation compiler.
2026.05.27 15:35:04 INFO  no build target found for C:\Users\andra\OneDrive\Desktop\MASTER ITU\SEMESTER 4\Thesis\TreeMapBenchmarking\src\main\java\dk\itu\thesis\impl\SnapTreeAdapter.java. Using fallback presentation compiler.
2026.05.27 15:35:04 INFO  no build target found for C:\Users\andra\OneDrive\Desktop\MASTER ITU\SEMESTER 4\Thesis\TreeMapBenchmarking\src\main\java\dk\itu\thesis\impl\SnapTreeAdapter.java. Using fallback presentation compiler.
2026.05.27 15:35:12 INFO  no build target found for C:\Users\andra\OneDrive\Desktop\MASTER ITU\SEMESTER 4\Thesis\TreeMapBenchmarking\src\main\java\dk\itu\thesis\impl\SnapTreeAdapter.java. Using fallback presentation compiler.
2026.05.27 15:35:12 INFO  no build target found for C:\Users\andra\OneDrive\Desktop\MASTER ITU\SEMESTER 4\Thesis\TreeMapBenchmarking\src\main\java\dk\itu\thesis\impl\SnapTreeAdapter.java. Using fallback presentation compiler.
2026.05.27 15:35:13 INFO  no build target found for C:\Users\andra\OneDrive\Desktop\MASTER ITU\SEMESTER 4\Thesis\TreeMapBenchmarking\src\main\java\dk\itu\thesis\impl\SnapTreeAdapter.java. Using fallback presentation compiler.
2026.05.27 15:35:13 INFO  no build target found for C:\Users\andra\OneDrive\Desktop\MASTER ITU\SEMESTER 4\Thesis\TreeMapBenchmarking\src\main\java\dk\itu\thesis\impl\SnapTreeAdapter.java. Using fallback presentation compiler.
2026.05.27 15:35:16 INFO  no build target found for C:\Users\andra\OneDrive\Desktop\MASTER ITU\SEMESTER 4\Thesis\TreeMapBenchmarking\src\main\java\dk\itu\thesis\impl\SnapTreeAdapter.java. Using fallback presentation compiler.
2026.05.27 15:35:16 INFO  no build target found for C:\Users\andra\OneDrive\Desktop\MASTER ITU\SEMESTER 4\Thesis\TreeMapBenchmarking\src\main\java\dk\itu\thesis\impl\SnapTreeAdapter.java. Using fallback presentation compiler.
2026.05.27 15:35:16 INFO  no build target found for C:\Users\andra\OneDrive\Desktop\MASTER ITU\SEMESTER 4\Thesis\TreeMapBenchmarking\src\main\java\dk\itu\thesis\impl\SnapTreeAdapter.java. Using fallback presentation compiler.
May 27, 2026 3:35:16 PM org.eclipse.lsp4j.jsonrpc.RemoteEndpoint handleCancellation
WARNING: Unmatched cancel notification for request id 43
2026.05.27 15:35:16 INFO  no build target found for C:\Users\andra\OneDrive\Desktop\MASTER ITU\SEMESTER 4\Thesis\TreeMapBenchmarking\src\main\java\dk\itu\thesis\impl\SnapTreeAdapter.java. Using fallback presentation compiler.
May 27, 2026 3:35:17 PM org.eclipse.lsp4j.jsonrpc.RemoteEndpoint handleCancellation
WARNING: Unmatched cancel notification for request id 44
2026.05.27 15:35:17 INFO  no build target found for C:\Users\andra\OneDrive\Desktop\MASTER ITU\SEMESTER 4\Thesis\TreeMapBenchmarking\src\main\java\dk\itu\thesis\impl\SnapTreeAdapter.java. Using fallback presentation compiler.
May 27, 2026 3:35:17 PM org.eclipse.lsp4j.jsonrpc.RemoteEndpoint handleCancellation
WARNING: Unmatched cancel notification for request id 45
2026.05.27 15:35:17 INFO  no build target found for C:\Users\andra\OneDrive\Desktop\MASTER ITU\SEMESTER 4\Thesis\TreeMapBenchmarking\src\main\java\dk\itu\thesis\impl\SnapTreeAdapter.java. Using fallback presentation compiler.
May 27, 2026 3:35:17 PM org.eclipse.lsp4j.jsonrpc.RemoteEndpoint handleCancellation
WARNING: Unmatched cancel notification for request id 46
2026.05.27 15:35:17 INFO  no build target found for C:\Users\andra\OneDrive\Desktop\MASTER ITU\SEMESTER 4\Thesis\TreeMapBenchmarking\src\main\java\dk\itu\thesis\impl\SnapTreeAdapter.java. Using fallback presentation compiler.
2026.05.27 15:35:17 INFO  no build target found for C:\Users\andra\OneDrive\Desktop\MASTER ITU\SEMESTER 4\Thesis\TreeMapBenchmarking\src\main\java\dk\itu\thesis\impl\SnapTreeAdapter.java. Using fallback presentation compiler.
2026.05.27 15:35:17 INFO  no build target found for C:\Users\andra\OneDrive\Desktop\MASTER ITU\SEMESTER 4\Thesis\TreeMapBenchmarking\src\main\java\dk\itu\thesis\impl\SnapTreeAdapter.java. Using fallback presentation compiler.
2026.05.27 15:35:18 INFO  no build target found for C:\Users\andra\OneDrive\Desktop\MASTER ITU\SEMESTER 4\Thesis\TreeMapBenchmarking\src\main\java\dk\itu\thesis\impl\SnapTreeAdapter.java. Using fallback presentation compiler.
2026.05.27 15:35:24 INFO  no build target found for C:\Users\andra\OneDrive\Desktop\MASTER ITU\SEMESTER 4\Thesis\TreeMapBenchmarking\src\main\java\dk\itu\thesis\impl\SnapTreeAdapter.java. Using fallback presentation compiler.
May 27, 2026 3:35:24 PM org.eclipse.lsp4j.jsonrpc.RemoteEndpoint handleCancellation
WARNING: Unmatched cancel notification for request id 60
2026.05.27 15:35:39 INFO  no build target found for C:\Users\andra\OneDrive\Desktop\MASTER ITU\SEMESTER 4\Thesis\TreeMapBenchmarking\src\main\java\dk\itu\thesis\impl\SnapTreeAdapter.java. Using fallback presentation compiler.
2026.05.27 15:35:39 INFO  no build target found for C:\Users\andra\OneDrive\Desktop\MASTER ITU\SEMESTER 4\Thesis\TreeMapBenchmarking\src\main\java\dk\itu\thesis\impl\SnapTreeAdapter.java. Using fallback presentation compiler.
2026.05.27 15:35:39 INFO  no build target found for C:\Users\andra\OneDrive\Desktop\MASTER ITU\SEMESTER 4\Thesis\TreeMapBenchmarking\src\main\java\dk\itu\thesis\impl\SnapTreeAdapter.java. Using fallback presentation compiler.
2026.05.27 15:35:39 INFO  no build target found for C:\Users\andra\OneDrive\Desktop\MASTER ITU\SEMESTER 4\Thesis\TreeMapBenchmarking\src\main\java\dk\itu\thesis\impl\SnapTreeAdapter.java. Using fallback presentation compiler.
2026.05.27 15:35:42 WARN  no build target for: C:\Users\andra\OneDrive\Desktop\MASTER ITU\SEMESTER 4\Thesis\TreeMapBenchmarking\src\main\java\dk\itu\thesis\impl\SnapTreeAdapter.java
2026.05.27 15:35:42 WARN  Running javac-semanticdb failed for file:///C:/Users/andra/OneDrive/Desktop/MASTER%20ITU/SEMESTER%204/Thesis/TreeMapBenchmarking/src/main/java/dk/itu/thesis/impl/SnapTreeAdapter.java. Output:

2026.05.27 15:35:55 INFO  no build target found for C:\Users\andra\OneDrive\Desktop\MASTER ITU\SEMESTER 4\Thesis\TreeMapBenchmarking\src\main\java\dk\itu\thesis\impl\SnapTreeAdapter.java. Using fallback presentation compiler.
2026.05.27 15:35:55 INFO  no build target found for C:\Users\andra\OneDrive\Desktop\MASTER ITU\SEMESTER 4\Thesis\TreeMapBenchmarking\src\main\java\dk\itu\thesis\impl\SnapTreeAdapter.java. Using fallback presentation compiler.
2026.05.27 15:36:00 INFO  no build target found for C:\Users\andra\OneDrive\Desktop\MASTER ITU\SEMESTER 4\Thesis\TreeMapBenchmarking\src\main\java\dk\itu\thesis\impl\SnapTreeAdapter.java. Using fallback presentation compiler.
2026.05.27 15:36:05 INFO  no build target found for C:\Users\andra\OneDrive\Desktop\MASTER ITU\SEMESTER 4\Thesis\TreeMapBenchmarking\src\main\java\dk\itu\thesis\impl\SnapTreeAdapter.java. Using fallback presentation compiler.
2026.05.27 15:36:10 INFO  no build target found for C:\Users\andra\OneDrive\Desktop\MASTER ITU\SEMESTER 4\Thesis\TreeMapBenchmarking\src\main\java\dk\itu\thesis\impl\VcasBatchChromaticAdapter.java. Using fallback presentation compiler.
2026.05.27 15:36:10 INFO  no build target found for C:\Users\andra\OneDrive\Desktop\MASTER ITU\SEMESTER 4\Thesis\TreeMapBenchmarking\src\main\java\dk\itu\thesis\impl\VcasBatchChromaticAdapter.java. Using fallback presentation compiler.
2026.05.27 15:36:10 INFO  no build target found for C:\Users\andra\OneDrive\Desktop\MASTER ITU\SEMESTER 4\Thesis\TreeMapBenchmarking\src\main\java\dk\itu\thesis\impl\VcasBatchChromaticAdapter.java. Using fallback presentation compiler.
May 27, 2026 3:36:10 PM org.eclipse.lsp4j.jsonrpc.RemoteEndpoint handleCancellation
WARNING: Unmatched cancel notification for request id 77
2026.05.27 15:36:15 INFO  no build target found for C:\Users\andra\OneDrive\Desktop\MASTER ITU\SEMESTER 4\Thesis\TreeMapBenchmarking\src\main\java\dk\itu\thesis\impl\VcasBatchChromaticAdapter.java. Using fallback presentation compiler.
2026.05.27 15:36:17 INFO  no build target found for C:\Users\andra\OneDrive\Desktop\MASTER ITU\SEMESTER 4\Thesis\TreeMapBenchmarking\src\main\java\dk\itu\thesis\impl\VcasBatchChromaticAdapter.java. Using fallback presentation compiler.
2026.05.27 15:36:17 INFO  no build target found for C:\Users\andra\OneDrive\Desktop\MASTER ITU\SEMESTER 4\Thesis\TreeMapBenchmarking\src\main\java\dk\itu\thesis\impl\VcasBatchChromaticAdapter.java. Using fallback presentation compiler.
2026.05.27 15:36:17 INFO  no build target found for C:\Users\andra\OneDrive\Desktop\MASTER ITU\SEMESTER 4\Thesis\TreeMapBenchmarking\src\main\java\dk\itu\thesis\impl\VcasBatchChromaticAdapter.java. Using fallback presentation compiler.
2026.05.27 15:36:24 INFO  no build target found for C:\Users\andra\OneDrive\Desktop\MASTER ITU\SEMESTER 4\Thesis\TreeMapBenchmarking\src\main\java\dk\itu\thesis\impl\VcasBatchChromaticAdapter.java. Using fallback presentation compiler.
2026.05.27 15:36:33 INFO  no build target found for C:\Users\andra\OneDrive\Desktop\MASTER ITU\SEMESTER 4\Thesis\TreeMapBenchmarking\src\main\java\dk\itu\thesis\impl\SnapTreeAdapter.java. Using fallback presentation compiler.
2026.05.27 15:36:33 WARN  no build target for: C:\Users\andra\OneDrive\Desktop\MASTER ITU\SEMESTER 4\Thesis\TreeMapBenchmarking\src\main\java\dk\itu\thesis\impl\SnapTreeAdapter.java
2026.05.27 15:36:33 INFO  no build target found for C:\Users\andra\OneDrive\Desktop\MASTER ITU\SEMESTER 4\Thesis\TreeMapBenchmarking\src\main\java\dk\itu\thesis\impl\SnapTreeAdapter.java. Using fallback presentation compiler.
2026.05.27 15:36:34 INFO  no build target found for C:\Users\andra\OneDrive\Desktop\MASTER ITU\SEMESTER 4\Thesis\TreeMapBenchmarking\src\main\java\dk\itu\thesis\impl\SnapTreeAdapter.java. Using fallback presentation compiler.
2026.05.27 15:36:33 INFO  no build target found for C:\Users\andra\OneDrive\Desktop\MASTER ITU\SEMESTER 4\Thesis\TreeMapBenchmarking\src\main\java\dk\itu\thesis\impl\SnapTreeAdapter.java. Using fallback presentation compiler.
2026.05.27 15:36:35 INFO  no build target found for C:\Users\andra\OneDrive\Desktop\MASTER ITU\SEMESTER 4\Thesis\TreeMapBenchmarking\src\main\java\dk\itu\thesis\impl\SnapTreeAdapter.java. Using fallback presentation compiler.
2026.05.27 15:36:37 INFO  no build target found for C:\Users\andra\OneDrive\Desktop\MASTER ITU\SEMESTER 4\Thesis\TreeMapBenchmarking\src\main\java\dk\itu\thesis\impl\SnapTreeAdapter.java. Using fallback presentation compiler.
2026.05.27 15:36:37 INFO  no build target found for C:\Users\andra\OneDrive\Desktop\MASTER ITU\SEMESTER 4\Thesis\TreeMapBenchmarking\src\main\java\dk\itu\thesis\impl\SnapTreeAdapter.java. Using fallback presentation compiler.
2026.05.27 15:36:45 INFO  no build target found for C:\Users\andra\OneDrive\Desktop\MASTER ITU\SEMESTER 4\Thesis\TreeMapBenchmarking\src\main\java\dk\itu\thesis\impl\SnapTreeAdapter.java. Using fallback presentation compiler.
2026.05.27 15:36:46 INFO  no build target found for C:\Users\andra\OneDrive\Desktop\MASTER ITU\SEMESTER 4\Thesis\TreeMapBenchmarking\src\main\java\dk\itu\thesis\impl\SnapTreeAdapter.java. Using fallback presentation compiler.
2026.05.27 15:36:46 INFO  no build target found for C:\Users\andra\OneDrive\Desktop\MASTER ITU\SEMESTER 4\Thesis\TreeMapBenchmarking\src\main\java\dk\itu\thesis\impl\SnapTreeAdapter.java. Using fallback presentation compiler.
2026.05.27 15:36:46 INFO  no build target found for C:\Users\andra\OneDrive\Desktop\MASTER ITU\SEMESTER 4\Thesis\TreeMapBenchmarking\src\main\java\dk\itu\thesis\impl\SnapTreeAdapter.java. Using fallback presentation compiler.
2026.05.27 15:36:46 INFO  no build target found for C:\Users\andra\OneDrive\Desktop\MASTER ITU\SEMESTER 4\Thesis\TreeMapBenchmarking\src\main\java\dk\itu\thesis\impl\SnapTreeAdapter.java. Using fallback presentation compiler.
2026.05.27 15:36:46 INFO  no build target found for C:\Users\andra\OneDrive\Desktop\MASTER ITU\SEMESTER 4\Thesis\TreeMapBenchmarking\src\main\java\dk\itu\thesis\impl\SnapTreeAdapter.java. Using fallback presentation compiler.
2026.05.27 15:37:29 INFO  no build target found for C:\Users\andra\OneDrive\Desktop\MASTER ITU\SEMESTER 4\Thesis\TreeMapBenchmarking\src\main\java\dk\itu\thesis\impl\SnapTreeAdapter.java. Using fallback presentation compiler.
2026.05.27 15:38:00 INFO  no build target found for C:\Users\andra\OneDrive\Desktop\MASTER ITU\SEMESTER 4\Thesis\TreeMapBenchmarking\src\main\java\dk\itu\thesis\impl\SnapTreeAdapter.java. Using fallback presentation compiler.
2026.05.27 15:47:58 INFO  no build target found for C:\Users\andra\OneDrive\Desktop\MASTER ITU\SEMESTER 4\Thesis\TreeMapBenchmarking\src\main\java\dk\itu\thesis\impl\SnapTreeAdapter.java. Using fallback presentation compiler.
May 27, 2026 3:48:26 PM org.eclipse.lsp4j.jsonrpc.RemoteEndpoint handleCancellation
WARNING: Unmatched cancel notification for request id 127
2026.05.27 15:48:53 INFO  no build target found for C:\Users\andra\OneDrive\Desktop\MASTER ITU\SEMESTER 4\Thesis\TreeMapBenchmarking\src\main\java\dk\itu\thesis\impl\SnapTreeAdapter.java. Using fallback presentation compiler.
2026.05.27 15:48:53 INFO  no build target found for C:\Users\andra\OneDrive\Desktop\MASTER ITU\SEMESTER 4\Thesis\TreeMapBenchmarking\src\main\java\dk\itu\thesis\impl\SnapTreeAdapter.java. Using fallback presentation compiler.
2026.05.27 15:48:54 INFO  no build target found for C:\Users\andra\OneDrive\Desktop\MASTER ITU\SEMESTER 4\Thesis\TreeMapBenchmarking\src\main\java\dk\itu\thesis\impl\SnapTreeAdapter.java. Using fallback presentation compiler.
2026.05.27 15:49:05 INFO  no build target found for C:\Users\andra\OneDrive\Desktop\MASTER ITU\SEMESTER 4\Thesis\TreeMapBenchmarking\src\main\java\dk\itu\thesis\impl\SnapTreeAdapter.java. Using fallback presentation compiler.
2026.05.27 15:49:05 INFO  no build target found for C:\Users\andra\OneDrive\Desktop\MASTER ITU\SEMESTER 4\Thesis\TreeMapBenchmarking\src\main\java\dk\itu\thesis\impl\SnapTreeAdapter.java. Using fallback presentation compiler.
2026.05.27 15:49:07 INFO  no build target found for C:\Users\andra\OneDrive\Desktop\MASTER ITU\SEMESTER 4\Thesis\TreeMapBenchmarking\src\main\java\dk\itu\thesis\impl\SnapTreeAdapter.java. Using fallback presentation compiler.
May 27, 2026 3:49:08 PM org.eclipse.lsp4j.jsonrpc.RemoteEndpoint handleCancellation
WARNING: Unmatched cancel notification for request id 139
2026.05.27 15:49:20 INFO  no build target found for C:\Users\andra\OneDrive\Desktop\MASTER ITU\SEMESTER 4\Thesis\TreeMapBenchmarking\src\main\java\dk\itu\thesis\impl\VcasBatchChromaticAdapter.java. Using fallback presentation compiler.
2026.05.27 15:49:20 INFO  no build target found for C:\Users\andra\OneDrive\Desktop\MASTER ITU\SEMESTER 4\Thesis\TreeMapBenchmarking\src\main\java\dk\itu\thesis\api\RangeQueryableTree.java. Using fallback presentation compiler.
2026.05.27 15:49:21 INFO  no build target found for C:\Users\andra\OneDrive\Desktop\MASTER ITU\SEMESTER 4\Thesis\TreeMapBenchmarking\src\main\java\dk\itu\thesis\api\RangeQueryableTree.java. Using fallback presentation compiler.
2026.05.27 15:49:20 INFO  no build target found for C:\Users\andra\OneDrive\Desktop\MASTER ITU\SEMESTER 4\Thesis\TreeMapBenchmarking\src\main\java\dk\itu\thesis\api\RangeQueryableTree.java. Using fallback presentation compiler.
2026.05.27 15:49:20 INFO  no build target found for C:\Users\andra\OneDrive\Desktop\MASTER ITU\SEMESTER 4\Thesis\TreeMapBenchmarking\src\main\java\dk\itu\thesis\api\RangeQueryableTree.java. Using fallback presentation compiler.
2026.05.27 15:49:23 INFO  no build target found for C:\Users\andra\OneDrive\Desktop\MASTER ITU\SEMESTER 4\Thesis\TreeMapBenchmarking\src\main\java\dk\itu\thesis\api\RangeQueryableTree.java. Using fallback presentation compiler.
2026.05.27 15:50:41 INFO  no build target found for C:\Users\andra\OneDrive\Desktop\MASTER ITU\SEMESTER 4\Thesis\TreeMapBenchmarking\src\main\java\dk\itu\thesis\impl\SnapTreeAdapter.java. Using fallback presentation compiler.
2026.05.27 15:50:41 WARN  no build target for: C:\Users\andra\OneDrive\Desktop\MASTER ITU\SEMESTER 4\Thesis\TreeMapBenchmarking\src\main\java\dk\itu\thesis\impl\SnapTreeAdapter.java
2026.05.27 15:50:41 INFO  no build target found for C:\Users\andra\OneDrive\Desktop\MASTER ITU\SEMESTER 4\Thesis\TreeMapBenchmarking\src\main\java\dk\itu\thesis\impl\SnapTreeAdapter.java. Using fallback presentation compiler.
2026.05.27 15:50:42 INFO  no build target found for C:\Users\andra\OneDrive\Desktop\MASTER ITU\SEMESTER 4\Thesis\TreeMapBenchmarking\src\main\java\dk\itu\thesis\api\RangeQueryableTree.java. Using fallback presentation compiler.
2026.05.27 15:50:42 INFO  no build target found for C:\Users\andra\OneDrive\Desktop\MASTER ITU\SEMESTER 4\Thesis\TreeMapBenchmarking\src\main\java\dk\itu\thesis\impl\VcasBatchChromaticAdapter.java. Using fallback presentation compiler.
2026.05.27 15:50:42 INFO  no build target found for C:\Users\andra\OneDrive\Desktop\MASTER ITU\SEMESTER 4\Thesis\TreeMapBenchmarking\src\main\java\dk\itu\thesis\impl\VcasBatchChromaticAdapter.java. Using fallback presentation compiler.
2026.05.27 15:50:42 INFO  no build target found for C:\Users\andra\OneDrive\Desktop\MASTER ITU\SEMESTER 4\Thesis\TreeMapBenchmarking\src\main\java\dk\itu\thesis\impl\VcasBatchChromaticAdapter.java. Using fallback presentation compiler.
2026.05.27 15:50:42 INFO  no build target found for C:\Users\andra\OneDrive\Desktop\MASTER ITU\SEMESTER 4\Thesis\TreeMapBenchmarking\src\main\java\dk\itu\thesis\impl\VcasBatchChromaticAdapter.java. Using fallback presentation compiler.
2026.05.27 15:50:42 INFO  no build target found for C:\Users\andra\OneDrive\Desktop\MASTER ITU\SEMESTER 4\Thesis\TreeMapBenchmarking\src\main\java\dk\itu\thesis\impl\VcasBatchChromaticAdapter.java. Using fallback presentation compiler.
2026.05.27 15:50:42 INFO  no build target found for C:\Users\andra\OneDrive\Desktop\MASTER ITU\SEMESTER 4\Thesis\TreeMapBenchmarking\src\main\java\dk\itu\thesis\impl\VcasBatchChromaticAdapter.java. Using fallback presentation compiler.
2026.05.27 15:50:46 INFO  no build target found for C:\Users\andra\OneDrive\Desktop\MASTER ITU\SEMESTER 4\Thesis\TreeMapBenchmarking\src\main\java\dk\itu\thesis\impl\VcasBatchChromaticAdapter.java. Using fallback presentation compiler.
2026.05.27 15:50:46 INFO  no build target found for C:\Users\andra\OneDrive\Desktop\MASTER ITU\SEMESTER 4\Thesis\TreeMapBenchmarking\src\main\java\dk\itu\thesis\impl\KSTRQAdapter.java. Using fallback presentation compiler.
2026.05.27 15:50:46 INFO  no build target found for C:\Users\andra\OneDrive\Desktop\MASTER ITU\SEMESTER 4\Thesis\TreeMapBenchmarking\src\main\java\dk\itu\thesis\impl\KSTRQAdapter.java. Using fallback presentation compiler.
2026.05.27 15:50:46 INFO  no build target found for C:\Users\andra\OneDrive\Desktop\MASTER ITU\SEMESTER 4\Thesis\TreeMapBenchmarking\src\main\java\dk\itu\thesis\impl\KSTRQAdapter.java. Using fallback presentation compiler.
2026.05.27 15:50:46 INFO  no build target found for C:\Users\andra\OneDrive\Desktop\MASTER ITU\SEMESTER 4\Thesis\TreeMapBenchmarking\src\main\java\dk\itu\thesis\impl\KSTRQAdapter.java. Using fallback presentation compiler.
2026.05.27 15:50:48 INFO  no build target found for C:\Users\andra\OneDrive\Desktop\MASTER ITU\SEMESTER 4\Thesis\TreeMapBenchmarking\src\main\java\dk\itu\thesis\impl\KSTRQAdapter.java. Using fallback presentation compiler.
2026.05.27 15:50:48 INFO  no build target found for C:\Users\andra\OneDrive\Desktop\MASTER ITU\SEMESTER 4\Thesis\TreeMapBenchmarking\src\main\java\dk\itu\thesis\impl\KSTRQAdapter.java. Using fallback presentation compiler.
2026.05.27 15:50:50 INFO  no build target found for C:\Users\andra\OneDrive\Desktop\MASTER ITU\SEMESTER 4\Thesis\TreeMapBenchmarking\src\main\java\dk\itu\thesis\impl\SnapTreeAdapter.java. Using fallback presentation compiler.
2026.05.27 15:50:50 WARN  no build target for: C:\Users\andra\OneDrive\Desktop\MASTER ITU\SEMESTER 4\Thesis\TreeMapBenchmarking\src\main\java\dk\itu\thesis\impl\SnapTreeAdapter.java
2026.05.27 15:50:50 INFO  no build target found for C:\Users\andra\OneDrive\Desktop\MASTER ITU\SEMESTER 4\Thesis\TreeMapBenchmarking\src\main\java\dk\itu\thesis\impl\SnapTreeAdapter.java. Using fallback presentation compiler.
2026.05.27 15:50:53 INFO  no build target found for C:\Users\andra\OneDrive\Desktop\MASTER ITU\SEMESTER 4\Thesis\TreeMapBenchmarking\src\main\java\dk\itu\thesis\impl\SnapTreeAdapter.java. Using fallback presentation compiler.
2026.05.27 15:50:56 INFO  no build target found for C:\Users\andra\OneDrive\Desktop\MASTER ITU\SEMESTER 4\Thesis\TreeMapBenchmarking\src\main\java\dk\itu\thesis\impl\SnapTreeAdapter.java. Using fallback presentation compiler.
2026.05.27 15:50:56 INFO  no build target found for C:\Users\andra\OneDrive\Desktop\MASTER ITU\SEMESTER 4\Thesis\TreeMapBenchmarking\src\main\java\dk\itu\thesis\impl\SnapTreeAdapter.java. Using fallback presentation compiler.
2026.05.27 15:50:56 INFO  no build target found for C:\Users\andra\OneDrive\Desktop\MASTER ITU\SEMESTER 4\Thesis\TreeMapBenchmarking\src\main\java\dk\itu\thesis\impl\SnapTreeAdapter.java. Using fallback presentation compiler.
2026.05.27 15:50:56 INFO  no build target found for C:\Users\andra\OneDrive\Desktop\MASTER ITU\SEMESTER 4\Thesis\TreeMapBenchmarking\src\main\java\dk\itu\thesis\impl\SnapTreeAdapter.java. Using fallback presentation compiler.
2026.05.27 15:50:56 INFO  no build target found for C:\Users\andra\OneDrive\Desktop\MASTER ITU\SEMESTER 4\Thesis\TreeMapBenchmarking\src\main\java\dk\itu\thesis\impl\SnapTreeAdapter.java. Using fallback presentation compiler.
2026.05.27 15:50:57 INFO  no build target found for C:\Users\andra\OneDrive\Desktop\MASTER ITU\SEMESTER 4\Thesis\TreeMapBenchmarking\src\main\java\dk\itu\thesis\impl\SnapTreeAdapter.java. Using fallback presentation compiler.
2026.05.27 15:50:57 INFO  no build target found for C:\Users\andra\OneDrive\Desktop\MASTER ITU\SEMESTER 4\Thesis\TreeMapBenchmarking\src\main\java\dk\itu\thesis\impl\SnapTreeAdapter.java. Using fallback presentation compiler.
2026.05.27 15:50:58 WARN  no build target for: C:\Users\andra\OneDrive\Desktop\MASTER ITU\SEMESTER 4\Thesis\TreeMapBenchmarking\src\main\java\dk\itu\thesis\impl\SnapTreeAdapter.java
2026.05.27 15:50:58 INFO  no build target found for C:\Users\andra\OneDrive\Desktop\MASTER ITU\SEMESTER 4\Thesis\TreeMapBenchmarking\src\main\java\dk\itu\thesis\impl\SnapTreeAdapter.java. Using fallback presentation compiler.
2026.05.27 15:50:58 WARN  Running javac-semanticdb failed for file:///C:/Users/andra/OneDrive/Desktop/MASTER%20ITU/SEMESTER%204/Thesis/TreeMapBenchmarking/src/main/java/dk/itu/thesis/impl/SnapTreeAdapter.java. Output:

2026.05.27 15:51:07 INFO  no build target found for C:\Users\andra\OneDrive\Desktop\MASTER ITU\SEMESTER 4\Thesis\TreeMapBenchmarking\src\main\java\dk\itu\thesis\impl\SnapTreeAdapter.java. Using fallback presentation compiler.
2026.05.27 15:51:16 INFO  no build target found for C:\Users\andra\OneDrive\Desktop\MASTER ITU\SEMESTER 4\Thesis\TreeMapBenchmarking\src\main\java\dk\itu\thesis\impl\KSTRQAdapter.java. Using fallback presentation compiler.
2026.05.27 15:51:16 INFO  no build target found for C:\Users\andra\OneDrive\Desktop\MASTER ITU\SEMESTER 4\Thesis\TreeMapBenchmarking\src\main\java\dk\itu\thesis\api\RangeQueryableTree.java. Using fallback presentation compiler.
2026.05.27 15:51:16 INFO  no build target found for C:\Users\andra\OneDrive\Desktop\MASTER ITU\SEMESTER 4\Thesis\TreeMapBenchmarking\src\main\java\dk\itu\thesis\api\RangeQueryableTree.java. Using fallback presentation compiler.
2026.05.27 15:51:16 INFO  no build target found for C:\Users\andra\OneDrive\Desktop\MASTER ITU\SEMESTER 4\Thesis\TreeMapBenchmarking\src\main\java\dk\itu\thesis\api\RangeQueryableTree.java. Using fallback presentation compiler.
2026.05.27 15:51:16 INFO  no build target found for C:\Users\andra\OneDrive\Desktop\MASTER ITU\SEMESTER 4\Thesis\TreeMapBenchmarking\src\main\java\dk\itu\thesis\api\RangeQueryableTree.java. Using fallback presentation compiler.
2026.05.27 15:51:16 INFO  no build target found for C:\Users\andra\OneDrive\Desktop\MASTER ITU\SEMESTER 4\Thesis\TreeMapBenchmarking\src\main\java\dk\itu\thesis\api\RangeQueryableTree.java. Using fallback presentation compiler.
2026.05.27 15:51:21 INFO  no build target found for C:\Users\andra\OneDrive\Desktop\MASTER ITU\SEMESTER 4\Thesis\TreeMapBenchmarking\src\main\java\dk\itu\thesis\api\RangeQueryableTree.java. Using fallback presentation compiler.
2026.05.27 15:51:22 INFO  no build target found for C:\Users\andra\OneDrive\Desktop\MASTER ITU\SEMESTER 4\Thesis\TreeMapBenchmarking\src\main\java\dk\itu\thesis\api\RangeQueryableTree.java. Using fallback presentation compiler.
2026.05.27 15:51:22 INFO  no build target found for C:\Users\andra\OneDrive\Desktop\MASTER ITU\SEMESTER 4\Thesis\TreeMapBenchmarking\src\main\java\dk\itu\thesis\api\RangeQueryableTree.java. Using fallback presentation compiler.
2026.05.27 15:51:22 INFO  no build target found for C:\Users\andra\OneDrive\Desktop\MASTER ITU\SEMESTER 4\Thesis\TreeMapBenchmarking\src\main\java\dk\itu\thesis\api\RangeQueryableTree.java. Using fallback presentation compiler.
2026.05.27 15:51:23 INFO  no build target found for C:\Users\andra\OneDrive\Desktop\MASTER ITU\SEMESTER 4\Thesis\TreeMapBenchmarking\src\main\java\dk\itu\thesis\api\RangeQueryableTree.java. Using fallback presentation compiler.
2026.05.27 15:53:51 INFO  no build target found for C:\Users\andra\OneDrive\Desktop\MASTER ITU\SEMESTER 4\Thesis\TreeMapBenchmarking\src\main\java\dk\itu\thesis\api\RangeQueryableTree.java. Using fallback presentation compiler.
2026.05.27 15:55:16 INFO  Shutting down server
2026.05.27 15:55:16 INFO  Memory monitor stopped
2026.05.27 15:55:16 INFO  shutting down Metals
2026.05.27 15:55:16 INFO  Exiting server
2026.05.27 15:55:16 ERROR Unexpected error initializing server: 
org.eclipse.lsp4j.jsonrpc.ResponseErrorException: Request window/showMessageRequest failed with message: Canceled
	at org.eclipse.lsp4j.jsonrpc.RemoteEndpoint.handleResponse(RemoteEndpoint.java:214)
	at org.eclipse.lsp4j.jsonrpc.RemoteEndpoint.consume(RemoteEndpoint.java:198)
	at org.eclipse.lsp4j.jsonrpc.json.StreamMessageProducer.handleMessage(StreamMessageProducer.java:189)
	at org.eclipse.lsp4j.jsonrpc.json.StreamMessageProducer.listen(StreamMessageProducer.java:97)
	at org.eclipse.lsp4j.jsonrpc.json.ConcurrentMessageProcessor.run(ConcurrentMessageProcessor.java:97)
	at java.util.concurrent.Executors$RunnableAdapter.call(Executors.java:572)
	at java.util.concurrent.FutureTask.run(FutureTask.java:317)
	at java.util.concurrent.ThreadPoolExecutor.runWorker(ThreadPoolExecutor.java:1144)
	at java.util.concurrent.ThreadPoolExecutor$Worker.run(ThreadPoolExecutor.java:642)
	at java.lang.Thread.run(Thread.java:1583)

2026.05.27 15:56:12 INFO  Started: Metals version 1.6.7 in folders 'C:\Users\andra\OneDrive\Desktop\MASTER ITU\SEMESTER 4\Thesis\TreeMapBenchmarking' for client Visual Studio Code 1.121.0.
2026.05.27 15:56:12 INFO  Memory monitor started
2026.05.27 15:56:15 WARN  Using H2 2.4.240 which is newer than the version Flyway has been verified with. The latest verified version of H2 is 2.3.232.
2026.05.27 15:56:17 INFO  no build target found for C:\Users\andra\OneDrive\Desktop\MASTER ITU\SEMESTER 4\Thesis\TreeMapBenchmarking\src\main\java\dk\itu\thesis\api\RangeQueryableTree.java. Using fallback presentation compiler.
2026.05.27 15:56:17 INFO  no build target found for C:\Users\andra\OneDrive\Desktop\MASTER ITU\SEMESTER 4\Thesis\TreeMapBenchmarking\src\main\java\dk\itu\thesis\api\RangeQueryableTree.java. Using fallback presentation compiler.
2026.05.27 15:56:17 INFO  no build target found for C:\Users\andra\OneDrive\Desktop\MASTER ITU\SEMESTER 4\Thesis\TreeMapBenchmarking\src\main\java\dk\itu\thesis\api\RangeQueryableTree.java. Using fallback presentation compiler.
2026.05.27 15:56:34 INFO  no build target found for C:\Users\andra\OneDrive\Desktop\MASTER ITU\SEMESTER 4\Thesis\TreeMapBenchmarking\src\main\java\dk\itu\thesis\api\RangeQueryableTree.java. Using fallback presentation compiler.
2026.05.27 15:57:09 INFO  running 'C:\Users\andra\OneDrive\Desktop\MASTER ITU\SEMESTER 4\Thesis\TreeMapBenchmarking\gradlew.bat --stacktrace --console=plain --init-script C:\Users\andra\AppData\Local\Temp\metals15004283585403908600\init-script.gradle bloopInstall'
2026.05.27 15:57:13 INFO  Starting a Gradle Daemon, 1 busy and 1 incompatible and 2 stopped Daemons could not be reused, use --status for details
2026.05.27 15:57:31 INFO  no build target found for C:\Users\andra\OneDrive\Desktop\MASTER ITU\SEMESTER 4\Thesis\TreeMapBenchmarking\src\main\java\dk\itu\thesis\api\RangeQueryableTree.java. Using fallback presentation compiler.
2026.05.27 15:57:39 INFO  no build target found for C:\Users\andra\OneDrive\Desktop\MASTER ITU\SEMESTER 4\Thesis\TreeMapBenchmarking\src\main\java\dk\itu\thesis\api\RangeQueryableTree.java. Using fallback presentation compiler.
2026.05.27 15:57:39 INFO  no build target found for C:\Users\andra\OneDrive\Desktop\MASTER ITU\SEMESTER 4\Thesis\TreeMapBenchmarking\src\main\java\dk\itu\thesis\api\RangeQueryableTree.java. Using fallback presentation compiler.
2026.05.27 15:57:43 INFO  no build target found for C:\Users\andra\OneDrive\Desktop\MASTER ITU\SEMESTER 4\Thesis\TreeMapBenchmarking\src\main\java\dk\itu\thesis\api\RangeQueryableTree.java. Using fallback presentation compiler.
2026.05.27 15:57:57 INFO  > Task :configureBloopInstall
2026.05.27 15:57:59 INFO  > Task :bloopInstall
2026.05.27 15:57:59 INFO  
2026.05.27 15:57:59 INFO  [Incubating] Problems report is available at: file:///C:/Users/andra/OneDrive/Desktop/MASTER%20ITU/SEMESTER%204/Thesis/TreeMapBenchmarking/build/reports/problems/problems-report.html
2026.05.27 15:57:59 INFO  
2026.05.27 15:57:59 INFO  Deprecated Gradle features were used in this build, making it incompatible with Gradle 9.0.
2026.05.27 15:57:59 INFO  
2026.05.27 15:57:59 INFO  You can use '--warning-mode all' to show the individual deprecation warnings and determine if they come from your own scripts or plugins.
2026.05.27 15:57:59 INFO  
2026.05.27 15:57:59 INFO  For more on this, please refer to https://docs.gradle.org/8.14/userguide/command_line_interface.html#sec:command_line_warnings in the Gradle documentation.
2026.05.27 15:57:59 INFO  
2026.05.27 15:57:59 INFO  BUILD SUCCESSFUL in 48s
2026.05.27 15:57:59 INFO  2 actionable tasks: 2 executed
2026.05.27 15:57:59 INFO  time: ran 'gradle bloopInstall' in 49s
2026.05.27 15:57:59 INFO  Attempting to connect to the build server...
2026.05.27 15:57:59 INFO  No running Bloop server found, starting one.
2026.05.27 15:58:16 INFO  Starting compilation server
2026.05.27 15:58:18 INFO  tracing is disabled for protocol BSP, to enable tracing of incoming and outgoing JSON messages create an empty file at C:\Users\andra\OneDrive\Desktop\MASTER ITU\SEMESTER 4\Thesis\TreeMapBenchmarking\.metals\bsp.trace.json or C:\Users\andra\AppData\Local\scalameta\metals\cache\bsp.trace.json
2026.05.27 15:58:20 INFO  time: Connected to build server in 20s
2026.05.27 15:58:20 INFO  Connected to Build server: Bloop v2.0.19
2026.05.27 15:58:20 INFO  time: Imported build in 0.25s
2026.05.27 15:58:27 WARN  Using H2 2.4.240 which is newer than the version Flyway has been verified with. The latest verified version of H2 is 2.3.232.
2026.05.27 15:58:53 INFO  time: indexed workspace in 32s
2026.05.27 15:58:54 INFO  compiling treemapcomp (23 java sources)
2026.05.27 15:58:56 WARN  javac exited with exit code 1
2026.05.27 15:58:56 INFO  time: compiled TreeMapComp in 2.22s
May 27, 2026 3:59:05 PM org.eclipse.lsp4j.jsonrpc.RemoteEndpoint handleCancellation
WARNING: Unmatched cancel notification for request id 22
May 27, 2026 3:59:12 PM org.eclipse.lsp4j.jsonrpc.RemoteEndpoint handleCancellation
WARNING: Unmatched cancel notification for request id 33
May 27, 2026 3:59:12 PM org.eclipse.lsp4j.jsonrpc.RemoteEndpoint handleCancellation
WARNING: Unmatched cancel notification for request id 37
2026.05.27 15:59:38 INFO  compiling treemapcomp (23 java sources)
2026.05.27 15:59:42 WARN  javac exited with exit code 1
2026.05.27 15:59:42 INFO  time: compiled TreeMapComp in 4.66s
2026.05.27 16:00:39 INFO  Shutting down server
2026.05.27 16:00:39 INFO  Memory monitor stopped
2026.05.27 16:00:39 INFO  shutting down Metals
2026.05.27 16:00:39 INFO  Shut down connection with build server.
2026.05.27 16:00:39 INFO  Exiting server
2026.05.27 16:01:39 INFO  Started: Metals version 1.6.7 in folders 'C:\Users\andra\OneDrive\Desktop\MASTER ITU\SEMESTER 4\Thesis\TreeMapBenchmarking' for client Visual Studio Code 1.121.0.
2026.05.27 16:01:39 INFO  Memory monitor started
2026.05.27 16:01:41 WARN  Using H2 2.4.240 which is newer than the version Flyway has been verified with. The latest verified version of H2 is 2.3.232.
2026.05.27 16:01:42 INFO  Attempting to connect to the build server...
2026.05.27 16:01:42 INFO  Found a Bloop server running
2026.05.27 16:01:43 INFO  tracing is disabled for protocol BSP, to enable tracing of incoming and outgoing JSON messages create an empty file at C:\Users\andra\OneDrive\Desktop\MASTER ITU\SEMESTER 4\Thesis\TreeMapBenchmarking\.metals\bsp.trace.json or C:\Users\andra\AppData\Local\scalameta\metals\cache\bsp.trace.json
2026.05.27 16:01:43 INFO  time: Connected to build server in 1.12s
2026.05.27 16:01:43 INFO  Connected to Build server: Bloop v2.0.19
2026.05.27 16:01:43 INFO  time: Imported build in 0.31s
2026.05.27 16:01:54 WARN  Using H2 2.4.240 which is newer than the version Flyway has been verified with. The latest verified version of H2 is 2.3.232.
2026.05.27 16:01:59 INFO  time: indexed workspace in 14s
2026.05.27 16:02:00 INFO  compiling treemapcomp (23 java sources)
2026.05.27 16:02:09 WARN  javac exited with exit code 1
2026.05.27 16:02:09 INFO  time: compiled TreeMapComp in 9.21s
May 27, 2026 4:02:22 PM org.eclipse.lsp4j.jsonrpc.RemoteEndpoint handleCancellation
WARNING: Unmatched cancel notification for request id 1
May 27, 2026 4:02:23 PM org.eclipse.lsp4j.jsonrpc.RemoteEndpoint handleCancellation
WARNING: Unmatched cancel notification for request id 5
May 27, 2026 4:02:24 PM org.eclipse.lsp4j.jsonrpc.RemoteEndpoint handleCancellation
WARNING: Unmatched cancel notification for request id 10
May 27, 2026 4:02:45 PM org.eclipse.lsp4j.jsonrpc.RemoteEndpoint handleCancellation
WARNING: Unmatched cancel notification for request id 33
May 27, 2026 4:02:51 PM org.eclipse.lsp4j.jsonrpc.RemoteEndpoint handleCancellation
WARNING: Unmatched cancel notification for request id 54
May 27, 2026 4:02:52 PM org.eclipse.lsp4j.jsonrpc.RemoteEndpoint handleCancellation
WARNING: Unmatched cancel notification for request id 63
May 27, 2026 4:05:47 PM org.eclipse.lsp4j.jsonrpc.RemoteEndpoint handleCancellation
WARNING: Unmatched cancel notification for request id 87
May 27, 2026 4:05:50 PM org.eclipse.lsp4j.jsonrpc.RemoteEndpoint handleCancellation
WARNING: Unmatched cancel notification for request id 97
May 27, 2026 4:09:47 PM org.eclipse.lsp4j.jsonrpc.RemoteEndpoint handleCancellation
WARNING: Unmatched cancel notification for request id 132
May 27, 2026 4:10:03 PM org.eclipse.lsp4j.jsonrpc.RemoteEndpoint handleCancellation
WARNING: Unmatched cancel notification for request id 174
2026.05.27 16:10:06 INFO  compiling treemapcomp (23 java sources)
2026.05.27 16:10:09 WARN  javac exited with exit code 1
2026.05.27 16:10:09 INFO  time: compiled TreeMapComp in 2.74s
2026.05.27 16:10:56 INFO  compiling treemapcomp (23 java sources)
May 27, 2026 4:10:59 PM org.eclipse.lsp4j.jsonrpc.RemoteEndpoint handleCancellation
WARNING: Unmatched cancel notification for request id 250
May 27, 2026 4:10:59 PM org.eclipse.lsp4j.jsonrpc.RemoteEndpoint handleCancellation
WARNING: Unmatched cancel notification for request id 251
2026.05.27 16:11:00 WARN  javac exited with exit code 1
2026.05.27 16:11:00 INFO  time: compiled TreeMapComp in 3.56s
2026.05.27 16:17:34 INFO  compiling treemapcomp (23 java sources)
2026.05.27 16:17:38 WARN  javac exited with exit code 1
2026.05.27 16:17:38 INFO  time: compiled TreeMapComp in 3.91s
May 27, 2026 4:18:07 PM org.eclipse.lsp4j.jsonrpc.RemoteEndpoint handleCancellation
WARNING: Unmatched cancel notification for request id 336
May 27, 2026 4:18:07 PM org.eclipse.lsp4j.jsonrpc.RemoteEndpoint handleCancellation
WARNING: Unmatched cancel notification for request id 337
2026.05.27 16:18:08 INFO  compiling treemapcomp (23 java sources)
2026.05.27 16:18:12 WARN  javac exited with exit code 1
2026.05.27 16:18:12 INFO  time: compiled TreeMapComp in 3.26s
2026.05.27 16:35:41 INFO  compiling treemapcomp (23 java sources)
2026.05.27 16:35:44 WARN  javac exited with exit code 1
2026.05.27 16:35:44 INFO  time: compiled TreeMapComp in 3.38s
2026.05.27 16:36:34 INFO  compiling treemapcomp (23 java sources)
2026.05.27 16:36:37 WARN  javac exited with exit code 1
2026.05.27 16:36:37 INFO  time: compiled TreeMapComp in 3.46s
2026.05.27 16:36:48 INFO  Created report: Optional[file:///C:/Users/andra/OneDrive/Desktop/MASTER%20ITU/SEMESTER%204/Thesis/TreeMapBenchmarking/src/main/java/dk/itu/thesis/benchmark/WorkloadGenerator.java]
2026.05.27 16:36:48 INFO  QDox parse error in file:///C:/Users/andra/OneDrive/Desktop/MASTER%20ITU/SEMESTER%204/Thesis/TreeMapBenchmarking/src/main/java/dk/itu/thesis/benchmark/WorkloadGenerator.java (full report at: "C:\Users\andra\OneDrive\Desktop\MASTER ITU\SEMESTER 4\Thesis\TreeMapBenchmarking\.metals\.reports\metals-full\2026-05-27\r_qdox-error_(TreeMapComp)_16-36-47-987.md")
2026.05.27 16:36:48 INFO  compiling treemapcomp (23 java sources)
2026.05.27 16:36:49 WARN  javac exited with exit code 1
2026.05.27 16:36:49 INFO  time: compiled TreeMapComp in 1.71s
2026.05.27 16:36:55 INFO  QDox parse error in file:///C:/Users/andra/OneDrive/Desktop/MASTER%20ITU/SEMESTER%204/Thesis/TreeMapBenchmarking/src/main/java/dk/itu/thesis/benchmark/WorkloadGenerator.java (full report at: "C:\Users\andra\OneDrive\Desktop\MASTER ITU\SEMESTER 4\Thesis\TreeMapBenchmarking\.metals\.reports\metals-full\2026-05-27\r_qdox-error_(TreeMapComp)_16-36-47-987.md")
2026.05.27 16:36:55 INFO  QDox parse error in file:///C:/Users/andra/OneDrive/Desktop/MASTER%20ITU/SEMESTER%204/Thesis/TreeMapBenchmarking/src/main/java/dk/itu/thesis/benchmark/WorkloadGenerator.java (full report at: "C:\Users\andra\OneDrive\Desktop\MASTER ITU\SEMESTER 4\Thesis\TreeMapBenchmarking\.metals\.reports\metals-full\2026-05-27\r_qdox-error_(TreeMapComp)_16-36-47-987.md")
2026.05.27 16:36:55 INFO  QDox parse error in file:///C:/Users/andra/OneDrive/Desktop/MASTER%20ITU/SEMESTER%204/Thesis/TreeMapBenchmarking/src/main/java/dk/itu/thesis/benchmark/WorkloadGenerator.java (full report at: "C:\Users\andra\OneDrive\Desktop\MASTER ITU\SEMESTER 4\Thesis\TreeMapBenchmarking\.metals\.reports\metals-full\2026-05-27\r_qdox-error_(TreeMapComp)_16-36-47-987.md")
2026.05.27 16:36:55 INFO  QDox parse error in file:///C:/Users/andra/OneDrive/Desktop/MASTER%20ITU/SEMESTER%204/Thesis/TreeMapBenchmarking/src/main/java/dk/itu/thesis/benchmark/WorkloadGenerator.java (full report at: "C:\Users\andra\OneDrive\Desktop\MASTER ITU\SEMESTER 4\Thesis\TreeMapBenchmarking\.metals\.reports\metals-full\2026-05-27\r_qdox-error_(TreeMapComp)_16-36-47-987.md")
2026.05.27 16:37:05 INFO  QDox parse error in file:///C:/Users/andra/OneDrive/Desktop/MASTER%20ITU/SEMESTER%204/Thesis/TreeMapBenchmarking/src/main/java/dk/itu/thesis/benchmark/WorkloadGenerator.java (full report at: "C:\Users\andra\OneDrive\Desktop\MASTER ITU\SEMESTER 4\Thesis\TreeMapBenchmarking\.metals\.reports\metals-full\2026-05-27\r_qdox-error_(TreeMapComp)_16-36-47-987.md")
2026.05.27 16:37:05 INFO  QDox parse error in file:///C:/Users/andra/OneDrive/Desktop/MASTER%20ITU/SEMESTER%204/Thesis/TreeMapBenchmarking/src/main/java/dk/itu/thesis/benchmark/WorkloadGenerator.java (full report at: "C:\Users\andra\OneDrive\Desktop\MASTER ITU\SEMESTER 4\Thesis\TreeMapBenchmarking\.metals\.reports\metals-full\2026-05-27\r_qdox-error_(TreeMapComp)_16-36-47-987.md")
2026.05.27 16:37:15 INFO  compiling treemapcomp (23 java sources)
2026.05.27 16:37:19 WARN  javac exited with exit code 1
2026.05.27 16:37:19 INFO  time: compiled TreeMapComp in 3.96s
May 27, 2026 4:37:31 PM org.eclipse.lsp4j.jsonrpc.RemoteEndpoint handleCancellation
WARNING: Unmatched cancel notification for request id 524
2026.05.27 16:37:45 INFO  compiling treemapcomp (23 java sources)
2026.05.27 16:37:49 WARN  javac exited with exit code 1
2026.05.27 16:37:49 INFO  time: compiled TreeMapComp in 4.1s
2026.05.27 16:37:51 INFO  compiling treemapcomp (23 java sources)
2026.05.27 16:37:54 WARN  javac exited with exit code 1
2026.05.27 16:37:54 INFO  time: compiled TreeMapComp in 3.28s
2026.05.27 16:42:00 INFO  compiling treemapcomp (23 java sources)
2026.05.27 16:42:03 WARN  javac exited with exit code 1
2026.05.27 16:42:03 INFO  time: compiled TreeMapComp in 3.17s
2026.05.27 16:42:40 INFO  compiling treemapcomp (23 java sources)
May 27, 2026 4:42:40 PM org.eclipse.lsp4j.jsonrpc.RemoteEndpoint handleCancellation
WARNING: Unmatched cancel notification for request id 748
2026.05.27 16:42:43 WARN  javac exited with exit code 1
2026.05.27 16:42:43 INFO  time: compiled TreeMapComp in 3.43s
2026.05.27 16:42:58 INFO  compiling treemapcomp (23 java sources)
2026.05.27 16:43:02 WARN  javac exited with exit code 1
2026.05.27 16:43:02 INFO  time: compiled TreeMapComp in 3.69s
May 27, 2026 4:43:02 PM org.eclipse.lsp4j.jsonrpc.RemoteEndpoint handleCancellation
WARNING: Unmatched cancel notification for request id 778
May 27, 2026 4:43:03 PM org.eclipse.lsp4j.jsonrpc.RemoteEndpoint handleCancellation
WARNING: Unmatched cancel notification for request id 783
May 27, 2026 4:43:03 PM org.eclipse.lsp4j.jsonrpc.RemoteEndpoint handleCancellation
WARNING: Unmatched cancel notification for request id 785
May 27, 2026 4:43:03 PM org.eclipse.lsp4j.jsonrpc.RemoteEndpoint handleCancellation
WARNING: Unmatched cancel notification for request id 787
May 27, 2026 4:58:02 PM org.eclipse.lsp4j.jsonrpc.RemoteEndpoint handleCancellation
WARNING: Unmatched cancel notification for request id 845
2026.05.27 16:58:03 INFO  compiling treemapcomp (23 java sources)
2026.05.27 16:58:07 WARN  javac exited with exit code 1
2026.05.27 16:58:07 INFO  time: compiled TreeMapComp in 3.73s
May 27, 2026 4:58:16 PM org.eclipse.lsp4j.jsonrpc.RemoteEndpoint handleCancellation
WARNING: Unmatched cancel notification for request id 866
May 27, 2026 4:58:25 PM org.eclipse.lsp4j.jsonrpc.RemoteEndpoint handleCancellation
WARNING: Unmatched cancel notification for request id 901
May 27, 2026 4:58:25 PM org.eclipse.lsp4j.jsonrpc.RemoteEndpoint handleCancellation
WARNING: Unmatched cancel notification for request id 902
May 27, 2026 4:58:25 PM org.eclipse.lsp4j.jsonrpc.RemoteEndpoint handleCancellation
WARNING: Unmatched cancel notification for request id 905
May 27, 2026 4:58:25 PM org.eclipse.lsp4j.jsonrpc.RemoteEndpoint handleCancellation
WARNING: Unmatched cancel notification for request id 909
May 27, 2026 4:58:29 PM org.eclipse.lsp4j.jsonrpc.RemoteEndpoint handleCancellation
WARNING: Unmatched cancel notification for request id 927
May 27, 2026 4:58:29 PM org.eclipse.lsp4j.jsonrpc.RemoteEndpoint handleCancellation
WARNING: Unmatched cancel notification for request id 930
May 27, 2026 4:58:32 PM org.eclipse.lsp4j.jsonrpc.RemoteEndpoint handleCancellation
WARNING: Unmatched cancel notification for request id 949
May 27, 2026 4:58:32 PM org.eclipse.lsp4j.jsonrpc.RemoteEndpoint handleCancellation
WARNING: Unmatched cancel notification for request id 953
2026.05.27 16:58:39 INFO  compiling treemapcomp (23 java sources)
2026.05.27 16:58:43 WARN  javac exited with exit code 1
2026.05.27 16:58:43 INFO  time: compiled TreeMapComp in 3.04s
2026.05.27 16:58:47 INFO  compiling treemapcomp (23 java sources)
2026.05.27 16:58:49 WARN  javac exited with exit code 1
2026.05.27 16:58:49 INFO  time: compiled TreeMapComp in 2.7s
2026.05.27 16:58:49 INFO  compiling treemapcomp (23 java sources)
2026.05.27 16:58:52 WARN  javac exited with exit code 1
2026.05.27 16:58:52 INFO  time: compiled TreeMapComp in 2.85s
2026.05.27 17:00:24 INFO  compiling treemapcomp (23 java sources)
May 27, 2026 5:00:25 PM org.eclipse.lsp4j.jsonrpc.RemoteEndpoint handleCancellation
WARNING: Unmatched cancel notification for request id 1070
2026.05.27 17:00:26 WARN  javac exited with exit code 1
2026.05.27 17:00:26 INFO  time: compiled TreeMapComp in 2.69s
May 27, 2026 5:00:26 PM org.eclipse.lsp4j.jsonrpc.RemoteEndpoint handleCancellation
WARNING: Unmatched cancel notification for request id 1073
May 27, 2026 5:00:26 PM org.eclipse.lsp4j.jsonrpc.RemoteEndpoint handleCancellation
WARNING: Unmatched cancel notification for request id 1074
May 27, 2026 5:00:29 PM org.eclipse.lsp4j.jsonrpc.RemoteEndpoint handleCancellation
WARNING: Unmatched cancel notification for request id 1091
2026.05.27 17:00:29 INFO  Created report: Optional[file:///C:/Users/andra/OneDrive/Desktop/MASTER%20ITU/SEMESTER%204/Thesis/TreeMapBenchmarking/src/jmh/java/dk/itu/thesis/TreeBenchmark.java]
2026.05.27 17:00:29 INFO  empty definition using pc, found symbol in pc: _empty_/BenchmarkState#keyGenerator#nextKey# (full report at: "C:\Users\andra\OneDrive\Desktop\MASTER ITU\SEMESTER 4\Thesis\TreeMapBenchmarking\.metals\.reports\metals-full\2026-05-27\r_empty-definition_(TreeMapComp-jmh)_17-00-29-646.md")
2026.05.27 17:00:29 INFO  compiling treemapcomp (23 java sources)
2026.05.27 17:00:33 WARN  javac exited with exit code 1
2026.05.27 17:00:33 INFO  time: compiled TreeMapComp in 3.87s
May 27, 2026 5:08:02 PM org.eclipse.lsp4j.jsonrpc.RemoteEndpoint handleCancellation
WARNING: Unmatched cancel notification for request id 1140
May 27, 2026 5:08:03 PM org.eclipse.lsp4j.jsonrpc.RemoteEndpoint handleCancellation
WARNING: Unmatched cancel notification for request id 1141
May 27, 2026 5:08:30 PM org.eclipse.lsp4j.jsonrpc.RemoteEndpoint handleCancellation
WARNING: Unmatched cancel notification for request id 1167
May 27, 2026 5:09:29 PM org.eclipse.lsp4j.jsonrpc.RemoteEndpoint handleCancellation
WARNING: Unmatched cancel notification for request id 1178
May 27, 2026 6:07:25 PM org.eclipse.lsp4j.jsonrpc.RemoteEndpoint handleCancellation
WARNING: Unmatched cancel notification for request id 1192
May 27, 2026 6:07:25 PM org.eclipse.lsp4j.jsonrpc.RemoteEndpoint handleCancellation
WARNING: Unmatched cancel notification for request id 1198
May 27, 2026 6:07:25 PM org.eclipse.lsp4j.jsonrpc.RemoteEndpoint handleCancellation
WARNING: Unmatched cancel notification for request id 1200
May 27, 2026 6:07:26 PM org.eclipse.lsp4j.jsonrpc.RemoteEndpoint handleCancellation
WARNING: Unmatched cancel notification for request id 1202
May 27, 2026 6:07:26 PM org.eclipse.lsp4j.jsonrpc.RemoteEndpoint handleCancellation
WARNING: Unmatched cancel notification for request id 1203
May 27, 2026 6:09:35 PM org.eclipse.lsp4j.jsonrpc.RemoteEndpoint handleCancellation
WARNING: Unmatched cancel notification for request id 1234
May 27, 2026 6:09:35 PM org.eclipse.lsp4j.jsonrpc.RemoteEndpoint handleCancellation
WARNING: Unmatched cancel notification for request id 1233
May 27, 2026 6:09:35 PM org.eclipse.lsp4j.jsonrpc.RemoteEndpoint handleCancellation
WARNING: Unmatched cancel notification for request id 1235
May 27, 2026 6:09:35 PM org.eclipse.lsp4j.jsonrpc.RemoteEndpoint handleCancellation
WARNING: Unmatched cancel notification for request id 1237
2026.05.27 18:09:39 INFO  compiling treemapcomp (23 java sources)
2026.05.27 18:09:44 WARN  javac exited with exit code 1
2026.05.27 18:09:44 INFO  time: compiled TreeMapComp in 4.7s
May 27, 2026 6:31:35 PM org.eclipse.lsp4j.jsonrpc.services.GenericEndpoint notify
INFO: Unsupported notification method: $/setTrace
May 28, 2026 5:07:47 AM org.eclipse.lsp4j.jsonrpc.RemoteEndpoint handleCancellation
WARNING: Unmatched cancel notification for request id 1260
May 28, 2026 5:07:47 AM org.eclipse.lsp4j.jsonrpc.RemoteEndpoint handleCancellation
WARNING: Unmatched cancel notification for request id 1261
May 28, 2026 2:10:42 PM org.eclipse.lsp4j.jsonrpc.RemoteEndpoint handleCancellation
WARNING: Unmatched cancel notification for request id 1489
May 28, 2026 2:10:42 PM org.eclipse.lsp4j.jsonrpc.RemoteEndpoint handleCancellation
WARNING: Unmatched cancel notification for request id 1490
May 28, 2026 2:10:42 PM org.eclipse.lsp4j.jsonrpc.services.GenericEndpoint notify
INFO: Unsupported notification method: $/setTrace
May 28, 2026 3:40:36 PM org.eclipse.lsp4j.jsonrpc.RemoteEndpoint handleCancellation
WARNING: Unmatched cancel notification for request id 1494
May 28, 2026 3:40:36 PM org.eclipse.lsp4j.jsonrpc.RemoteEndpoint handleCancellation
WARNING: Unmatched cancel notification for request id 1495
May 28, 2026 3:40:43 PM org.eclipse.lsp4j.jsonrpc.services.GenericEndpoint notify
INFO: Unsupported notification method: $/setTrace
May 29, 2026 4:00:47 PM org.eclipse.lsp4j.jsonrpc.services.GenericEndpoint notify
INFO: Unsupported notification method: $/setTrace
May 30, 2026 4:18:24 AM org.eclipse.lsp4j.jsonrpc.RemoteEndpoint handleCancellation
WARNING: Unmatched cancel notification for request id 1527
May 30, 2026 4:18:27 AM org.eclipse.lsp4j.jsonrpc.RemoteEndpoint handleCancellation
WARNING: Unmatched cancel notification for request id 1541
May 30, 2026 4:18:27 AM org.eclipse.lsp4j.jsonrpc.RemoteEndpoint handleCancellation
WARNING: Unmatched cancel notification for request id 1543
May 30, 2026 4:30:53 AM org.eclipse.lsp4j.jsonrpc.RemoteEndpoint handleCancellation
WARNING: Unmatched cancel notification for request id 1559
May 30, 2026 4:31:46 AM org.eclipse.lsp4j.jsonrpc.RemoteEndpoint handleCancellation
WARNING: Unmatched cancel notification for request id 1617
May 30, 2026 4:31:46 AM org.eclipse.lsp4j.jsonrpc.RemoteEndpoint handleCancellation
WARNING: Unmatched cancel notification for request id 1618
May 30, 2026 4:33:37 AM org.eclipse.lsp4j.jsonrpc.RemoteEndpoint handleCancellation
WARNING: Unmatched cancel notification for request id 1680
May 30, 2026 4:37:20 AM org.eclipse.lsp4j.jsonrpc.RemoteEndpoint handleCancellation
WARNING: Unmatched cancel notification for request id 1721
2026.05.30 04:37:32 INFO  compiling treemapcomp (23 java sources)
2026.05.30 04:37:35 WARN  javac exited with exit code 1
2026.05.30 04:37:35 INFO  time: compiled TreeMapComp in 3.38s
2026.05.30 04:41:11 INFO  compiling treemapcomp (23 java sources)
2026.05.30 04:41:15 WARN  javac exited with exit code 1
2026.05.30 04:41:15 INFO  time: compiled TreeMapComp in 4.07s
2026.05.30 04:56:02 INFO  compiling treemapcomp (23 java sources)
2026.05.30 04:56:05 WARN  javac exited with exit code 1
2026.05.30 04:56:05 INFO  time: compiled TreeMapComp in 2.99s
May 30, 2026 4:57:49 AM org.eclipse.lsp4j.jsonrpc.RemoteEndpoint handleCancellation
WARNING: Unmatched cancel notification for request id 2199
May 30, 2026 5:03:41 AM org.eclipse.lsp4j.jsonrpc.RemoteEndpoint handleCancellation
WARNING: Unmatched cancel notification for request id 2223
May 30, 2026 5:03:43 AM org.eclipse.lsp4j.jsonrpc.RemoteEndpoint handleCancellation
WARNING: Unmatched cancel notification for request id 2232
May 30, 2026 5:03:43 AM org.eclipse.lsp4j.jsonrpc.RemoteEndpoint handleCancellation
WARNING: Unmatched cancel notification for request id 2233
May 30, 2026 5:03:46 AM org.eclipse.lsp4j.jsonrpc.RemoteEndpoint handleCancellation
WARNING: Unmatched cancel notification for request id 2249
May 30, 2026 5:03:46 AM org.eclipse.lsp4j.jsonrpc.RemoteEndpoint handleCancellation
WARNING: Unmatched cancel notification for request id 2250
2026.05.30 05:03:48 INFO  compiling treemapcomp (23 java sources)
2026.05.30 05:03:51 WARN  javac exited with exit code 1
2026.05.30 05:03:51 INFO  time: compiled TreeMapComp in 3.07s
2026.05.30 05:06:20 INFO  compiling treemapcomp (23 java sources)
2026.05.30 05:06:23 WARN  javac exited with exit code 1
2026.05.30 05:06:23 INFO  time: compiled TreeMapComp in 3.25s
